// Vitest Snapshot v1, https://vitest.dev/guide/snapshot.html

exports[`documents and search > keeps its rendered shape, documents 1`] = `
"div.kbsplit
  div.kbrail
    button.mini.kbadd
    div.kbrow
      button.kbopenb
        span.nm
        span.who
      div.kbops
        button.mini.ghost.dots
  div.kbpane
    div.kbhd
      b
      span.mdl
      button.mini.ghost
      button.mini.ghost.kbgear
        svg
          path
          path
    div.kbsub
      span.who
      div.kbops.kbsrc
        button.mini
        input
        input
    div.kbtable
      div.th.kbtick
        input
      div.th
      div.th
      div.th
      div.th
      div.th
      div.td.kbtick
        input
      div.td.nm
        button.kbopen
          svg.kbico.kbf-md
            path
            path
            rect
            g
              path
              path
          span
      div.td
      div.td.st.s-ready
      div.td
      div.td
        div.kbops
          button.mini.ghost.dots
          div.kbmenu
            button.mi
            button.mi
            button.mi
            button.mi.danger
      div.td.kbtick
        input
      div.td.nm
        button.kbopen
          svg.kbico.kbf-md
            path
            path
            rect
            g
              path
              path
          span
      div.td
      div.td.st.s-failed
      div.td
      div.td
        div.kbops
          button.mini.ghost.dots"
`;

exports[`the knowledge page > keeps its rendered shape, bases 1`] = `
"div.kbsplit
  div.kbrail
    button.mini.kbadd
    div.kbrow
      button.kbopenb
        span.nm
        span.who
      div.kbops
        button.mini.ghost.dots
  div.kbpane
    div.empty-note
      div.ttl"
`;
