// Vitest Snapshot v1, https://vitest.dev/guide/snapshot.html

exports[`settings island > keeps its rendered shape 1`] = `
"div.panel[data-on=true]
  div.scard
    div.empty-note"
`;

exports[`the models pane > keeps its rendered shape 1`] = `
"div.panel[data-on=true]
  div.msplit
    svg.model-tag-defs
      defs
        symbol#mtag-text
          path
          path
        symbol#mtag-reasoning
          path
          path
        symbol#mtag-function-call
          path
        symbol#mtag-structured-output
          rect
          path
        symbol#mtag-image-recognition
          rect
          path
          circle
        symbol#mtag-audio-recognition
          rect
          path
        symbol#mtag-video-recognition
          rect
          path
        symbol#mtag-file-input
          path
          path
        symbol#mtag-image-generation
          rect
          path
          path
        symbol#mtag-audio-generation
          path
          path
        symbol#mtag-video-generation
          rect
          path
          path
        symbol#mtag-embedding
          path
          path
          circle
          circle
        symbol#mtag-rerank
          path
          path
        symbol#mtag-computer-use
          rect
          path
    div.mrailwrap
      div.mrhead
        input.mrsearch
        button.mrfilter[data-narrowed=false]
          svg
            path
      div.mrail
        button.mrow
          img.provider-icon[data-provider=anthropic][data-tone=hybrid]
          span.nm
          span.tagm
          span.provider-status.on
        button.mrow
          img.provider-icon.mark-light[data-provider=openai_codex]
          img.provider-icon.mark-dark[data-provider=openai_codex]
          span.nm
          span.provider-status.on
        button.mrow
          img.provider-icon.mark-light[data-provider=openai]
          img.provider-icon.mark-dark[data-provider=openai]
          span.nm
        button.mrow
          img.provider-icon.mark-light[data-provider=ollama]
          img.provider-icon.mark-dark[data-provider=ollama]
          span.nm
    div.mpanel
      div.mtitle
        img.provider-icon[data-provider=anthropic][data-tone=hybrid]
        a.provider-link
          span
        span.tagm
        span.provider-status.on
      div.msub
      div.pform
        div.msec[data-sec=key]
          div.mhead
            div.t
            a.mdocs
          div.keyrow
            span.keyfield
              input
              button.peek
                svg
                  path
                  path
                  path
                  path
            button.mini
        div.msec[data-sec=host]
          div.mhead
            div.t
          div.keyrow
            span.hostfield
              input
              button.hcopy[data-tip=gui.model.copy]
                svg.copy-icon
                  rect
                  path
            button.mini.update
              svg.update-icon
                path
                path
                path
                path
        div.msec[data-sec=models]
          div.mhead
            div.t
            div.mbtns
              button.mini.ghost
              button.mini.ghost
          div.mempty
        button.mini.ghost.danger"
`;
